<html>
<body>
<pre>
<h1>µVision Build Log</h1>
<h2>Project:</h2>
D:\Dropbox\mPlayer Project\mPlayer Project\Project\mPlayer.uvproj
Project File Date:  05/19/2013

<h2>Output:</h2>
Rebuild target 'mPlayer'
compiling ustdlib.c...
compiling mp3driver.c...
compiling radio.c...
compiling lwiplib.c...
compiling httpclient.c...
compiling ebook.c...
compiling peripheral.c...
compiling buttons.c...
compiling mmc-ek-lm3s6965.c...
compiling ff.c...
..\Library\third_party\fatfs\ff.c(573): warning:  #1293-D: assignment in condition
..\Library\third_party\fatfs\ff.c(648): warning:  #1293-D: assignment in condition
..\Library\third_party\fatfs\ff.c(1255): warning:  #188-D: enumerated type mixed with another type
compiling FileSystem.c...
compiling Windows.c...
..\Source\graphic\Windows.c(529): warning:  #177-D: variable "yScrollStart" was declared but never referenced
..\Source\graphic\Windows.c(529): warning:  #177-D: variable "yScrollPos" was declared but never referenced
compiling images.c...
compiling graphics.c...
compiling rit128x96x4.c...
compiling uartstdio.c...
compiling gpio.c...
compiling mPlayer.c...
assembling startup_rvmdk.S...
linking...
Program Size: Code=55624 RO-data=40616 RW-data=1684 ZI-data=52684  
FromELF: creating hex file...
User command #1: fromelf --bin --output .\rvmdk\sd_card.bin .\rvmdk\sd_card.axf
".\rvmdk\mplayer.axf" - 0 Error(s), 5 Warning(s).
Clean started: Project: 'mPlayer'
   deleting intermediate output files for target 'mPlayer'
